SQL> --3.a
SQL> CREATE OR REPLACE TRIGGER chk_Review
  2  BEFORE INSERT ON REVIEW
  3  FOR EACH ROW
  4  DECLARE v_1 VARCHAR2(11);
  5  BEGIN
  6  IF(:new.JobID IS NOT NULL) THEN
  7  SELECT SelectedBusinessABNNumber
  8  INTO v_1
  9  FROM JOB J
 10  WHERE :new.JobID = J.JobID;
 11  IF(v_1 IS NULL) THEN
 12  RAISE_APPLICATION_ERROR(-20002, 'Job does not have a business selected yet and cannot be reviewed');
 13  END IF;
 14  ELSE
 15  RAISE_APPLICATION_ERROR(-20001, 'Can''t put in a review without a JobID');
 16  END IF;
 17  END chk_Review;
 18  /

Trigger created.

SQL> 
SQL> INSERT INTO REVIEW(ReviewID,ReviewDate,ReviewRating,ReviewText)
  2  VALUES(20,SYSDATE,5,'Good Job');
INSERT INTO REVIEW(ReviewID,ReviewDate,ReviewRating,ReviewText)
            *
ERROR at line 1:
ORA-20001: Can't put in a review without a JobID 
ORA-06512: at "18477719.CHK_REVIEW", line 12 
ORA-04088: error during execution of trigger '18477719.CHK_REVIEW' 


SQL> 
SQL> INSERT INTO REVIEW
  2  VALUES(20,SYSDATE,5,'Good Job',20);
INSERT INTO REVIEW
            *
ERROR at line 1:
ORA-20002: Job does not have a business selected yet and cannot be reviewed 
ORA-06512: at "18477719.CHK_REVIEW", line 9 
ORA-04088: error during execution of trigger '18477719.CHK_REVIEW' 


SQL> 
SQL> --3.b
SQL> DROP TABLE DELETEDJOBS;

Table dropped.

SQL> CREATE TABLE DeletedJobs
  2  (JobID VARCHAR2(10),
  3  IndustryTitle VARCHAR2(10),
  4  Postcode NUMBER(4),
  5  DeletionDate DATE,
  6  DNumber INTEGER,
  7  PRIMARY KEY(DNumber)
  8  );

Table created.

SQL> DROP SEQUENCE seq_1;

Sequence dropped.

SQL> CREATE SEQUENCE seq_1
  2  START WITH 1
  3  INCREMENT BY 1;

Sequence created.

SQL> 
SQL> 
SQL> CREATE OR REPLACE TRIGGER Backup_jobs
  2  BEFORE DELETE ON JOB
  3  FOR EACH ROW
  4  declare
  5  v_industrytitle INDUSTRY.INDUSTRYTITLE%TYPE;
  6  BEGIN
  7  select INDUSTRYTITLE
  8  INTO V_INDUSTRYTITLE
  9  FROM INDUSTRY
 10  WHERE INDUSTRYID = :OLD.INDUSTRYID;
 11  INSERT INTO DeletedJobs
 12  VALUES(:old.JobID, V_INDUSTRYTITLE, :OLD.POSTCODE,SYSDATE,seq_1.nextval);
 13  DELETE FROM CASUAL_JOB
 14  WHERE JOBID = :OLD.JOBID;
 15  DELETE FROM CONTRACT_JOB
 16  WHERE JOBID = :OLD.JOBID;
 17  DELETE FROM QUOTATION
 18  WHERE JOBID = :OLD.JOBID;
 19  END Backup_jobs;
 20  /

Trigger created.

SQL> 
SQL> DELETE FROM JOB
  2  WHERE JOBID = '11';

0 rows deleted.

SQL> @"C:\Users\18477719\OneDrive - LA TROBE UNIVERSITY\Work\DBF\ass3\SMatchSchema.sql"
SQL> --CSE2/4DBF Assignment 2 - 2017
SQL> --Schema Definition
SQL> --ServiceMatch Database System
SQL> 
SQL> DROP TABLE CLIENT cascade constraints;

Table dropped.

SQL> DROP TABLE CORPORATE_CLIENT cascade constraints;

Table dropped.

SQL> DROP TABLE INDIVIDUAL_CLIENT cascade constraints;

Table dropped.

SQL> DROP TABLE BUSINESS cascade constraints;

Table dropped.

SQL> DROP TABLE FREELANCER_BUSINESS cascade constraints;

Table dropped.

SQL> DROP TABLE CORPORATE_BUSINESS cascade constraints;

Table dropped.

SQL> DROP TABLE JOB cascade constraints;

Table dropped.

SQL> DROP TABLE CONTRACT_JOB cascade constraints;

Table dropped.

SQL> DROP TABLE CASUAL_JOB cascade constraints;

Table dropped.

SQL> DROP TABLE EQUIPMENT cascade constraints;

Table dropped.

SQL> DROP TABLE INDUSTRY cascade constraints;

Table dropped.

SQL> DROP TABLE TRADE_UNION cascade constraints;

Table dropped.

SQL> DROP TABLE SUBURB cascade constraints;

Table dropped.

SQL> DROP TABLE INVOICE cascade constraints;

Table dropped.

SQL> DROP TABLE REVIEW cascade constraints;

Table dropped.

SQL> DROP TABLE SEMINAR cascade constraints;

Table dropped.

SQL> DROP TABLE EQUIPMENT_HIRE cascade constraints;

Table dropped.

SQL> DROP TABLE QUOTATION cascade constraints;

Table dropped.

SQL> DROP TABLE BUSINESS_INDUSTRY cascade constraints;

Table dropped.

SQL> DROP TABLE ADJACENT_SUBURB cascade constraints;

Table dropped.

SQL> DROP TABLE ELITE_MEMBER cascade constraints;

Table dropped.

SQL> DROP TABLE SEMINAR_ATTENDIES cascade constraints;

Table dropped.

SQL> 
SQL> -- PURGE RECYCLEBIN
SQL> 
SQL> ----- CREATE TABLE STATEMENTS -----
SQL> 
SQL> -- CLIENT (ClientNo, ClientName, ClientAddress, ClientPhone, ClientEmail)
SQL> CREATE TABLE CLIENT(
  2  ClientNo	   VARCHAR2(10)  NOT NULL,
  3  ClientName 	     VARCHAR2(20),
  4  ClientAddress VARCHAR2(50),
  5  ClientPhone	     VARCHAR2(20),
  6  ClientEmail   VARCHAR2(50),
  7  PRIMARY KEY(ClientNo));

Table created.

SQL> 
SQL> --CORPORATE_CLIENT (ClientNo, CorporationName, BusinessAddress)
SQL> CREATE TABLE CORPORATE_CLIENT(
  2  ClientNo	       VARCHAR2(10)  NOT NULL,
  3  CorporationName   VARCHAR2(50),
  4  BusinessAddress   VARCHAR2(50),
  5  PRIMARY KEY(ClientNo),
  6  FOREIGN KEY (ClientNo) REFERENCES CLIENT (ClientNo));

Table created.

SQL> 
SQL> --INDIVIDUAL_CLIENT (ClientNo, PropertyOwner)
SQL> CREATE TABLE INDIVIDUAL_CLIENT(
  2  ClientNo	       VARCHAR2(10)  NOT NULL,
  3  PropertyOwner     CHAR(1) CHECK(PropertyOwner IN ('Y', 'y', 'N', 'n')),
  4  PRIMARY KEY(ClientNo),
  5  FOREIGN KEY (ClientNo) REFERENCES CLIENT (ClientNo));

Table created.

SQL> 
SQL> --BUSINESS (ABNNumber, BusinessName, ContactName, ContactNumber, ContactEmail, BusinessAddress)
SQL> CREATE TABLE BUSINESS(
  2  ABNNumber	     VARCHAR2(11)  NOT NULL, --ABN Number is always 11 digits
  3  BusinessName	     VARCHAR2(50),
  4  ContactName     VARCHAR2(20),
  5  ContactNumber	     VARCHAR2(20),
  6  ContactEmail    VARCHAR2(50),
  7  BusinessAddress VARCHAR2(50),
  8  BusinessPostcode NUMBER(4),
  9  PRIMARY KEY(ABNNumber));

Table created.

SQL> 
SQL> --ELITE_MEMBER (EliteMemberID)
SQL> CREATE TABLE ELITE_MEMBER(
  2  EliteMemberID   VARCHAR2(10) NOT NULL,
  3  PRIMARY KEY(EliteMemberID));

Table created.

SQL> 
SQL> --FREELANCER_BUSINESS (ABNNumber, EliteMemberID)
SQL> CREATE TABLE FREELANCER_BUSINESS(
  2  ABNNumber	     VARCHAR2(11)  NOT NULL, --ABN Number is always 11 digits
  3  EliteMemberID   VARCHAR2(10),
  4  PRIMARY KEY(ABNNumber),
  5  FOREIGN KEY (ABNNumber) REFERENCES BUSINESS (ABNNumber),
  6  FOREIGN KEY (EliteMemberID) REFERENCES ELITE_MEMBER(EliteMemberID));

Table created.

SQL> 
SQL> --CORPORATE_BUSINESS (ABNNumber)
SQL> CREATE TABLE CORPORATE_BUSINESS(
  2  ABNNumber	     VARCHAR2(11)  NOT NULL, --ABN Number is always 11 digits
  3  PRIMARY KEY(ABNNumber),
  4  FOREIGN KEY (ABNNumber) REFERENCES BUSINESS (ABNNumber));

Table created.

SQL> 
SQL> --SUBURB (Postcode, SuburbName)
SQL> CREATE TABLE SUBURB(
  2  Postcode	     NUMBER(4)	NOT NULL,
  3  SuburbName 	       VARCHAR2(20),
  4  PRIMARY KEY(Postcode));

Table created.

SQL> 
SQL> --ADJACENT_SUBURB (PostCode, AdjacentPostCode)
SQL> CREATE TABLE ADJACENT_SUBURB(
  2  Postcode	       NUMBER(4)  NOT NULL,
  3  AdjacentPostCode  NUMBER(4)  NOT NULL,
  4  PRIMARY KEY(Postcode, AdjacentPostCode),
  5  FOREIGN KEY (Postcode) REFERENCES SUBURB(Postcode),
  6  FOREIGN KEY (AdjacentPostCode) REFERENCES SUBURB(Postcode));

Table created.

SQL> 
SQL> --TRADE_UNION (UnionID, UnionContactName, UnionContactNumber, UnionEmail, UnionAddress, EliteMemberID)
SQL> CREATE TABLE TRADE_UNION(
  2  UnionID		 VARCHAR2(10)  NOT NULL,
  3  UnionTitle 	 VARCHAR2(50),
  4  UnionContactName		     VARCHAR2(20),
  5  UnionContactNumber      VARCHAR2(20),
  6  UnionEmail 	 VARCHAR2(50),
  7  UnionAddress	 VARCHAR2(50),
  8  EliteMemberID	 VARCHAR2(10),
  9  PRIMARY KEY(UnionID),
 10  FOREIGN KEY (EliteMemberID) REFERENCES ELITE_MEMBER (EliteMemberID));

Table created.

SQL> 
SQL> --INDUSTRY (IndustryID, IndustryTitle, UnionID)
SQL> CREATE TABLE INDUSTRY(
  2  IndustryID 	 VARCHAR2(10)  NOT NULL,
  3  IndustryTitle	       VARCHAR2(50),
  4  UnionID		 VARCHAR2(10),
  5  PRIMARY KEY(IndustryID),
  6  FOREIGN KEY (UnionID) REFERENCES TRADE_UNION (UnionID));

Table created.

SQL> 
SQL> --JOB (JobID, JobDescription, UrgencyLevel, JobAddress, Postcode, IndustryID, SelectedBusinessABNNumber)
SQL> CREATE TABLE JOB(
  2  JobID		 VARCHAR2(10)  NOT NULL,
  3  JobDescription	       VARCHAR2(50),
  4  UrgencyLevel	 VARCHAR2(10) CHECK(UrgencyLevel IN('Low', 'Normal', 'Immediate')),
  5  JobAddress 	 VARCHAR2(50),
  6  Postcode		 NUMBER(4),
  7  IndustryID 	 VARCHAR2(10),
  8  SelectedBusinessABNNumber VARCHAR2(11),
  9  PRIMARY KEY(JobID),
 10  FOREIGN KEY (Postcode) REFERENCES SUBURB(Postcode),
 11  FOREIGN KEY (SelectedBusinessABNNumber) REFERENCES BUSINESS(ABNNumber),
 12  FOREIGN KEY (IndustryID) REFERENCES INDUSTRY(IndustryID));

Table created.

SQL> 
SQL> --CONTRACT_JOB (JobID, StartDate, EndDate, CorporateClientNo)
SQL> CREATE TABLE CONTRACT_JOB(
  2  JobID		 VARCHAR2(10)  NOT NULL,
  3  StartDate		 DATE,
  4  EndDate		 DATE,
  5  CorporateClientNo	 VARCHAR2(10)  NOT NULL,
  6  PRIMARY KEY(JobID),
  7  FOREIGN KEY (JobID) REFERENCES JOB(JobID),
  8  FOREIGN KEY (CorporateClientNo) REFERENCES CORPORATE_CLIENT(ClientNo));

Table created.

SQL> 
SQL> --CASUAL_JOB (JobID, IndividualClientNo)
SQL> CREATE TABLE CASUAL_JOB(
  2  JobID		 VARCHAR2(10)  NOT NULL,
  3  IndividualClientNo  VARCHAR2(10)  NOT NULL,
  4  PRIMARY KEY(JobID),
  5  FOREIGN KEY (JobID) REFERENCES JOB(JobID),
  6  FOREIGN KEY (IndividualClientNo) REFERENCES INDIVIDUAL_CLIENT(ClientNo));

Table created.

SQL> 
SQL> --EQUIPMENT (EquipmentID, EquipmentName, EquipmentStatus, EFlag, MFlag, InspectionDate, MaxRentDurationDays)
SQL> CREATE TABLE EQUIPMENT(
  2  EquipmentID	 VARCHAR2(10)  NOT NULL,
  3  EquipmentName	       VARCHAR2(50),
  4  EquipmentStatus	 VARCHAR2(10) CHECK(EquipmentStatus IN('Rented','Available','Overdue')),
  5  EFlag			 CHAR(1) CHECK(EFlag IN('Y', 'y', 'N', 'n')),
  6  MFlag		 CHAR(1) CHECK(MFlag IN('Y', 'y', 'N', 'n')),
  7  InspectionDate	 DATE,
  8  MaxRentDurationDays NUMBER(2) NOT NULL,
  9  PRIMARY KEY(EquipmentID));

Table created.

SQL> 
SQL> --INVOICE (InvoiceNo, Amount, JobID)
SQL> CREATE TABLE INVOICE(
  2  InvoiceNo	 VARCHAR2(10)  NOT NULL,
  3  Amount	 NUMBER(7,2),
  4  JobID	 VARCHAR2(10)  NOT NULL,
  5  PRIMARY KEY(InvoiceNo),
  6  FOREIGN KEY(JobID) REFERENCES JOB(JobID));

Table created.

SQL> 
SQL> ---REVIEWTable (ReviewID, ReviewDate, ReviewRating, ReviewText, JobID)
SQL> CREATE TABLE REVIEW(
  2  ReviewID	   VARCHAR2(10)  NOT NULL,
  3  ReviewDate    DATE,
  4  ReviewRating  NUMBER(1) CHECK(ReviewRating BETWEEN 0 AND 5),
  5  ReviewText    VARCHAR2(200),
  6  JobID	   VARCHAR2(10),
  7  PRIMARY KEY(ReviewID),
  8  FOREIGN KEY(JobID) REFERENCES JOB(JobID));

Table created.

SQL> 
SQL> --SEMINAR (SeminarID, SeminarTitle, SeminarDataTime, SeminarVenue)
SQL> CREATE TABLE SEMINAR(
  2  SeminarID	       VARCHAR2(10)  NOT NULL,
  3  SeminarTitle      VARCHAR2(50),
  4  SeminarDateTime   DATE,
  5  SeminarVenue      VARCHAR2(50),
  6  PRIMARY KEY(SeminarID));

Table created.

SQL> 
SQL> --EQUIPMENT_HIRE (ClientNo, EquipmentID, PickUpDate, DropOffDate)
SQL> CREATE TABLE EQUIPMENT_HIRE(
  2  ClientNo	      VARCHAR2(10)  NOT NULL,
  3  EquipmentID      VARCHAR2(10)  NOT NULL,
  4  PickUpDate       DATE,
  5  DropOffDate      DATE,
  6  PRIMARY KEY(ClientNo, EquipmentID),
  7  FOREIGN KEY (ClientNo) REFERENCES CLIENT(ClientNo),
  8  FOREIGN KEY (EquipmentID) REFERENCES EQUIPMENT(EquipmentID));

Table created.

SQL> 
SQL> --QUOTATION (JobID, ABNNumber, QuoteAmount, QuoteStatus)
SQL> CREATE TABLE QUOTATION(
  2  JobID	      VARCHAR2(10)  NOT NULL,
  3  ABNNumber	      VARCHAR2(11)  NOT NULL,
  4  QuoteAmount      NUMBER(7,2)   NOT NULL,
  5  QuoteStatus      VARCHAR2(10)  CHECK(QuoteStatus IN('Selected', 'Contacted', 'Posted')),
  6  PRIMARY KEY(JobID, ABNNumber),
  7  FOREIGN KEY (JobID) REFERENCES JOB(JobID),
  8  FOREIGN KEY (ABNNumber) REFERENCES BUSINESS(ABNNumber));

Table created.

SQL> 
SQL> --BUSINESS_INDUSTRY (ABNNumber, IndustryID)
SQL> CREATE TABLE BUSINESS_INDUSTRY(
  2  ABNNumber	   VARCHAR2(11)  NOT NULL,
  3  IndustryID    VARCHAR2(10)  NOT NULL,
  4  PRIMARY KEY(ABNNumber, IndustryID),
  5  FOREIGN KEY(ABNNumber) REFERENCES BUSINESS(ABNNumber),
  6  FOREIGN KEY(IndustryID) REFERENCES INDUSTRY(IndustryID));

Table created.

SQL> 
SQL> --SEMINAR_ATTENDIES (EliteMemberID, SeminarID)
SQL> CREATE TABLE SEMINAR_ATTENDIES(
  2  EliteMemberID   VARCHAR2(10)  NOT NULL,
  3  SeminarID	     VARCHAR2(10)  NOT NULL,
  4  PRIMARY KEY(EliteMemberID, SeminarID),
  5  FOREIGN KEY(EliteMemberID) REFERENCES ELITE_MEMBER(EliteMemberID),
  6  FOREIGN KEY(SeminarID) REFERENCES SEMINAR(SeminarID));

Table created.

SQL> 
SQL> ----DUMMY DATA INSERTION COMMANDS-----------------
SQL> -- CLIENT (ClientNo, ClientName, ClientAddress, ClientPhone, ClientEmail)
SQL> INSERT INTO CLIENT VALUES('1','Kazi Abir', '63 Rosebery Avenue, Preston', '0540677455', 'kazi.abir@gmail.com');

1 row created.

SQL> INSERT INTO CLIENT VALUES('2','Kazi Adnan', '63 Rosebery Rd, Preston', '0450677456', 'kazi.adnan@gmail.com');

1 row created.

SQL> INSERT INTO CLIENT VALUES('3','Syed Mahbub', '34 Waratah St, Thomastown', '0450672446', 'syed.mahbub@gmail.com');

1 row created.

SQL> INSERT INTO CLIENT VALUES('4','Esrar Mahbub', '3 Kingsburry Dr, Bundoora', '044576823', 'esrar.mahbub@gmail.com');

1 row created.

SQL> INSERT INTO CLIENT VALUES('5','Samira Sadmin', '1053 Kingsburry Dr, Bundoora', '0411077455', 'samira.sadmin@gmail.com');

1 row created.

SQL> INSERT INTO CLIENT VALUES('6','Adam Lever', '11 Cheddar Rd, Reservoir', '0440677455', 'adam.lever@gmail.com');

1 row created.

SQL> INSERT INTO CLIENT VALUES('7','Kazi Nipu', '12 Belah St, Thomastown', '0123477455', 'kazi.nipu@gmail.com');

1 row created.

SQL> INSERT INTO CLIENT VALUES('8','Arefin Islam', '32 Grace St, Laverton', '0390677455', 'arefin.islam@gmail.com');

1 row created.

SQL> INSERT INTO CLIENT VALUES('9','Roger Federer', '11 Alps Rd, Melbourne', '0455577455', 'roger.federer@gmail.com');

1 row created.

SQL> INSERT INTO CLIENT VALUES('10','Andy Marray', '13 Kings Rd, Melbourne', '0555577456', 'andy.marray@gmail.com');

1 row created.

SQL> INSERT INTO CLIENT VALUES('11','Joe Santrini', '56 Dunne St, Bundoora', '0540677467', 'joe.santrini@gmail.com');

1 row created.

SQL> INSERT INTO CLIENT VALUES('12','David Packman', '11 St Kilda Rd, Melbourne', '0540677411', 'david.packman@gmail.com');

1 row created.

SQL> INSERT INTO CLIENT VALUES('13','Cristopher Nolan', '15 Lonsdale St, Melbourne', '0540677477', 'c.nolan@gmail.com');

1 row created.

SQL> INSERT INTO CLIENT VALUES('14','Bruse Wayne', '10 Batcave Aveneu, Epping', '0111111455', 'bruce.wayne@gmail.com');

1 row created.

SQL> INSERT INTO CLIENT VALUES('15','Chandler Bing', '2/80 Friends Rd, Altona', '0540677222', 'chandler.bing@gmail.com');

1 row created.

SQL> INSERT INTO CLIENT VALUES('16','Ross Geller', '33 Waratah St, Altona', '0540444455', 'ross.geller@gmail.com');

1 row created.

SQL> INSERT INTO CLIENT VALUES('17','Joe Tribiany', '3/80 Friends Rd, Altona', '0540677221', 'joe.tribiany@gmail.com');

1 row created.

SQL> INSERT INTO CLIENT VALUES('18','Jack Roland', '41 Alexander Avenue, Thomastown', '0540677999', 'jack.roland@gmail.com');

1 row created.

SQL> INSERT INTO CLIENT VALUES('19','Henry Steven', '2 Queens St, Melbourne', '0450872449', 'henry.steven@gmail.com');

1 row created.

SQL> INSERT INTO CLIENT VALUES('20','Ragibul Hasan', '13 Swanston St, Melbourne', '0540687878', 'ragibul.hasan@gmail.com');

1 row created.

SQL> 
SQL> --CORPORATE_CLIENT (ClientNo, CorporationName, BusinessAddress)
SQL> INSERT INTO CORPORATE_CLIENT VALUES('1', 'Apple Inc', '10 Southbank, Melbourne');

1 row created.

SQL> INSERT INTO CORPORATE_CLIENT VALUES('2', 'Microsoft', '15 Southbank, Melbourne');

1 row created.

SQL> INSERT INTO CORPORATE_CLIENT VALUES('3', 'Dell', '23 High St, Preston');

1 row created.

SQL> INSERT INTO CORPORATE_CLIENT VALUES('4', 'IBM', '628 Victoria St, Epping');

1 row created.

SQL> INSERT INTO CORPORATE_CLIENT VALUES('5', 'Grocon', '180 Swanston St, Melbourne');

1 row created.

SQL> INSERT INTO CORPORATE_CLIENT VALUES('6', 'La Trobe University', 'Plenty Road and Kingsburry Drive, Bundoora');

1 row created.

SQL> INSERT INTO CORPORATE_CLIENT VALUES('7', 'Public Transport Victoria', '750 Collins St, Melbourne');

1 row created.

SQL> INSERT INTO CORPORATE_CLIENT VALUES('8', 'RACV', '105 Grimshaw St, Greensborough');

1 row created.

SQL> INSERT INTO CORPORATE_CLIENT VALUES('9', 'Woolworths', '1 Bell St, Preston');

1 row created.

SQL> INSERT INTO CORPORATE_CLIENT VALUES('10', 'Coles', '71 May Rd, Lalor');

1 row created.

SQL> 
SQL> --INDIVIDUAL_CLIENT (ClientNo, PropertyOwner)
SQL> INSERT INTO INDIVIDUAL_CLIENT VALUES('11', 'Y');

1 row created.

SQL> INSERT INTO INDIVIDUAL_CLIENT VALUES('12', 'Y');

1 row created.

SQL> INSERT INTO INDIVIDUAL_CLIENT VALUES('13', 'N');

1 row created.

SQL> INSERT INTO INDIVIDUAL_CLIENT VALUES('14', 'N');

1 row created.

SQL> INSERT INTO INDIVIDUAL_CLIENT VALUES('15', 'Y');

1 row created.

SQL> INSERT INTO INDIVIDUAL_CLIENT VALUES('16', 'N');

1 row created.

SQL> INSERT INTO INDIVIDUAL_CLIENT VALUES('17', 'Y');

1 row created.

SQL> INSERT INTO INDIVIDUAL_CLIENT VALUES('18', 'N');

1 row created.

SQL> INSERT INTO INDIVIDUAL_CLIENT VALUES('19', 'N');

1 row created.

SQL> INSERT INTO INDIVIDUAL_CLIENT VALUES('20', 'N');

1 row created.

SQL> 
SQL> --BUSINESS (ABNNumber, BusinessName, ContactName, ContactNumber, ContactEmail, BusinessAddress, BusinessPostcode)
SQL> INSERT INTO BUSINESS VALUES('12345678911', 'James Mowers and Landscape', 'James Handerson', '038122354', 'james@yahoo.com', '2 Davidson st, Epping', 3076);

1 row created.

SQL> INSERT INTO BUSINESS VALUES('12345678912', 'Consolidated Proerty Services', 'Harun Rashid', '039342354', 'hrashid@cps.com', 'Cr Lonsdale St and Russel St, Melbourne', 3000);

1 row created.

SQL> INSERT INTO BUSINESS VALUES('12345678913', 'Kohlan Movers', 'Vicky Kohlan', '039342355', 'moversk@gmail.com', '4/3 Grace St, Laverton', 3028);

1 row created.

SQL> INSERT INTO BUSINESS VALUES('12345678914', 'Pumbers Delivered', 'Harry Tradil', '039342344', 'harryt@hotmail.com', '3 Station St, Reservoir', 3073);

1 row created.

SQL> INSERT INTO BUSINESS VALUES('12345678915', 'Anytime Plumbers', 'Joseph Green', '039342322', 'jgreen@hotmail.com', '11 Station St, Reservoir', 3073);

1 row created.

SQL> INSERT INTO BUSINESS VALUES('12345678916', 'Change the Fuse Electricals', 'Brian Adams', '039342311', 'adamsb@yahoo.com.au', '12 Laimar St, Sunbury', 3429);

1 row created.

SQL> INSERT INTO BUSINESS VALUES('12345678917', 'Vicky Electricals', 'Vicky Hasan', '039342300', 'vickyh@gmail.com', '12 Wood St, North Melbourne', 3051);

1 row created.

SQL> INSERT INTO BUSINESS VALUES('12345678918', 'Leak and Roof Repair', 'David Bongiorno', '039342400', 'davidb@yahoo.com', '101 Swanston St, Melbourne', 3000);

1 row created.

SQL> INSERT INTO BUSINESS VALUES('12345678919', 'Construction Solutions', 'Garry Hobart', '039342399', 'garryh@hotmail.com', '21 Albundy Gr, St Kilda', 3182);

1 row created.

SQL> INSERT INTO BUSINESS VALUES('12345678920', 'Build a House', 'Jason Staham', '039342388', 'jasons@hotmail.com', '1055 Plenty Rd, Bundoora', 3083);

1 row created.

SQL> INSERT INTO BUSINESS VALUES('12345678921', 'Hire a Wire', 'David Sully', '039341188', 'davids@yourmail.com', '67 Cramer St, Preston', 3072);

1 row created.

SQL> INSERT INTO BUSINESS VALUES('12345678922', 'Joe''s Rubbish Removal', 'Joseph Mahmud', '039342001', 'joseph@openmail.com', '108 Bell St, Preston', 3072);

1 row created.

SQL> INSERT INTO BUSINESS VALUES('12345678923', 'Do it Right Mowers', 'Abdullah Mamun', '038122333', 'mamun@yahoo.com', '31 Stephen St, Epping', 3076);

1 row created.

SQL> INSERT INTO BUSINESS VALUES('12345678924', 'Shine Cleaning', 'Cyn Jones', '038128989', 'jonesc@gmail.com', '17 Husband St, Eltham', 3095);

1 row created.

SQL> INSERT INTO BUSINESS VALUES('12345678925', 'Moveit', 'Sunny Joe', '038000033', 'sunny@hotmail.com', '90 Russel St, Melbourne', 3000);

1 row created.

SQL> INSERT INTO BUSINESS VALUES('12345678926', 'Home Cleaning Services', 'Omid Rostami', '038002333', 'omid@hotmail.com', '40 Statino St, Laverton', 3028);

1 row created.

SQL> INSERT INTO BUSINESS VALUES('12345678927', '24X7 Plumbing Service', 'Hayden Jones', '045002333', 'hjones@yahoo.com', '12 Rathdown Rd, Melbourne', 3000);

1 row created.

SQL> INSERT INTO BUSINESS VALUES('12345678928', 'Muscle Rubbish Removals', 'Alex Sanders', '045067633', 'alex@mrr.com.au', '57 Leeds St, Thomastown', 3074);

1 row created.

SQL> INSERT INTO BUSINESS VALUES('12345678929', 'Gold Cleaning Services', 'Roger Mayers', '045067600', 'rmayers@yahoo.com.au', '50 Wood St, North Melbourne', 3051);

1 row created.

SQL> 
SQL> --CORPORATE_BUSINESS (ABNNumber)
SQL> INSERT INTO CORPORATE_BUSINESS VALUES('12345678911');

1 row created.

SQL> INSERT INTO CORPORATE_BUSINESS VALUES('12345678912');

1 row created.

SQL> INSERT INTO CORPORATE_BUSINESS VALUES('12345678914');

1 row created.

SQL> INSERT INTO CORPORATE_BUSINESS VALUES('12345678915');

1 row created.

SQL> INSERT INTO CORPORATE_BUSINESS VALUES('12345678916');

1 row created.

SQL> INSERT INTO CORPORATE_BUSINESS VALUES('12345678918');

1 row created.

SQL> INSERT INTO CORPORATE_BUSINESS VALUES('12345678919');

1 row created.

SQL> INSERT INTO CORPORATE_BUSINESS VALUES('12345678920');

1 row created.

SQL> INSERT INTO CORPORATE_BUSINESS VALUES('12345678921');

1 row created.

SQL> INSERT INTO CORPORATE_BUSINESS VALUES('12345678928');

1 row created.

SQL> INSERT INTO CORPORATE_BUSINESS VALUES('12345678929');

1 row created.

SQL> 
SQL> --ELITE_MEMBER (EliteMemberID)
SQL> INSERT INTO ELITE_MEMBER VALUES('1');

1 row created.

SQL> INSERT INTO ELITE_MEMBER VALUES('2');

1 row created.

SQL> INSERT INTO ELITE_MEMBER VALUES('3');

1 row created.

SQL> INSERT INTO ELITE_MEMBER VALUES('4');

1 row created.

SQL> INSERT INTO ELITE_MEMBER VALUES('5');

1 row created.

SQL> INSERT INTO ELITE_MEMBER VALUES('6');

1 row created.

SQL> INSERT INTO ELITE_MEMBER VALUES('7');

1 row created.

SQL> INSERT INTO ELITE_MEMBER VALUES('8');

1 row created.

SQL> INSERT INTO ELITE_MEMBER VALUES('9');

1 row created.

SQL> INSERT INTO ELITE_MEMBER VALUES('10');

1 row created.

SQL> INSERT INTO ELITE_MEMBER VALUES('11');

1 row created.

SQL> INSERT INTO ELITE_MEMBER VALUES('12');

1 row created.

SQL> INSERT INTO ELITE_MEMBER VALUES('13');

1 row created.

SQL> 
SQL> --FREELANCER_BUSINESS (ABNNumber, EliteMemberID)
SQL> INSERT INTO FREELANCER_BUSINESS VALUES('12345678913', '1');

1 row created.

SQL> INSERT INTO FREELANCER_BUSINESS VALUES('12345678917', '2');

1 row created.

SQL> INSERT INTO FREELANCER_BUSINESS VALUES('12345678922', '3');

1 row created.

SQL> INSERT INTO FREELANCER_BUSINESS VALUES('12345678923', '4');

1 row created.

SQL> INSERT INTO FREELANCER_BUSINESS VALUES('12345678924', '5');

1 row created.

SQL> INSERT INTO FREELANCER_BUSINESS VALUES('12345678925', null);

1 row created.

SQL> INSERT INTO FREELANCER_BUSINESS VALUES('12345678926', '13');

1 row created.

SQL> INSERT INTO FREELANCER_BUSINESS VALUES('12345678927', '6');

1 row created.

SQL> 
SQL> --SUBURB (Postcode, SuburbName)
SQL> INSERT INTO SUBURB VALUES(3083, 'Bundoora');

1 row created.

SQL> INSERT INTO SUBURB VALUES(3000, 'Melbourne');

1 row created.

SQL> INSERT INTO SUBURB VALUES(3076, 'Epping');

1 row created.

SQL> INSERT INTO SUBURB VALUES(3028, 'Laverton');

1 row created.

SQL> INSERT INTO SUBURB VALUES(3073, 'Reservoir');

1 row created.

SQL> INSERT INTO SUBURB VALUES(3074, 'Thomastown');

1 row created.

SQL> INSERT INTO SUBURB VALUES(3429, 'Sunbury');

1 row created.

SQL> INSERT INTO SUBURB VALUES(3182, 'St Kilda');

1 row created.

SQL> INSERT INTO SUBURB VALUES(3051, 'North Melbourne');

1 row created.

SQL> INSERT INTO SUBURB VALUES(3072, 'Preston');

1 row created.

SQL> INSERT INTO SUBURB VALUES(3095, 'Eltham');

1 row created.

SQL> INSERT INTO SUBURB VALUES(3018, 'Altona');

1 row created.

SQL> INSERT INTO SUBURB VALUES(3088, 'Greensborough');

1 row created.

SQL> INSERT INTO SUBURB VALUES(3075, 'Lalor');

1 row created.

SQL> 
SQL> --ADJACENT_SUBURB (PostCode, AdjacentPostCode)
SQL> INSERT INTO ADJACENT_SUBURB VALUES(3083, 3072);

1 row created.

SQL> INSERT INTO ADJACENT_SUBURB VALUES(3072, 3083);

1 row created.

SQL> INSERT INTO ADJACENT_SUBURB VALUES(3072, 3074);

1 row created.

SQL> INSERT INTO ADJACENT_SUBURB VALUES(3074, 3072);

1 row created.

SQL> INSERT INTO ADJACENT_SUBURB VALUES(3072, 3073);

1 row created.

SQL> INSERT INTO ADJACENT_SUBURB VALUES(3073, 3072);

1 row created.

SQL> INSERT INTO ADJACENT_SUBURB VALUES(3083, 3074);

1 row created.

SQL> INSERT INTO ADJACENT_SUBURB VALUES(3074, 3083);

1 row created.

SQL> INSERT INTO ADJACENT_SUBURB VALUES(3073, 3083);

1 row created.

SQL> INSERT INTO ADJACENT_SUBURB VALUES(3083, 3073);

1 row created.

SQL> INSERT INTO ADJACENT_SUBURB VALUES(3028, 3018);

1 row created.

SQL> INSERT INTO ADJACENT_SUBURB VALUES(3018, 3028);

1 row created.

SQL> INSERT INTO ADJACENT_SUBURB VALUES(3075, 3074);

1 row created.

SQL> INSERT INTO ADJACENT_SUBURB VALUES(3074, 3075);

1 row created.

SQL> INSERT INTO ADJACENT_SUBURB VALUES(3072, 3075);

1 row created.

SQL> INSERT INTO ADJACENT_SUBURB VALUES(3075, 3072);

1 row created.

SQL> INSERT INTO ADJACENT_SUBURB VALUES(3083, 3088);

1 row created.

SQL> INSERT INTO ADJACENT_SUBURB VALUES(3088, 3083);

1 row created.

SQL> INSERT INTO ADJACENT_SUBURB VALUES(3095, 3088);

1 row created.

SQL> INSERT INTO ADJACENT_SUBURB VALUES(3088, 3095);

1 row created.

SQL> INSERT INTO ADJACENT_SUBURB VALUES(3182, 3000);

1 row created.

SQL> INSERT INTO ADJACENT_SUBURB VALUES(3000, 3182);

1 row created.

SQL> INSERT INTO ADJACENT_SUBURB VALUES(3000, 3051);

1 row created.

SQL> INSERT INTO ADJACENT_SUBURB VALUES(3051, 3000);

1 row created.

SQL> INSERT INTO ADJACENT_SUBURB VALUES(3083, 3076);

1 row created.

SQL> INSERT INTO ADJACENT_SUBURB VALUES(3076, 3083);

1 row created.

SQL> INSERT INTO ADJACENT_SUBURB VALUES(3072, 3076);

1 row created.

SQL> INSERT INTO ADJACENT_SUBURB VALUES(3076, 3072);

1 row created.

SQL> INSERT INTO ADJACENT_SUBURB VALUES(3076, 3075);

1 row created.

SQL> INSERT INTO ADJACENT_SUBURB VALUES(3075, 3076);

1 row created.

SQL> 
SQL> 
SQL> --TRADE_UNION (UnionID, UnionTitle, UnionContactName, UnionContactNumber, UnionEmail, UnionAddress, EliteMemberID)
SQL> INSERT INTO TRADE_UNION VALUES('1', 'Mowers'' Union', 'John Doe', '0460782331','mowers.union@gmail.com', '15 Flinders St, Melbourne', '7');

1 row created.

SQL> INSERT INTO TRADE_UNION VALUES('2', 'Cleaners'' Union', 'Jane Joe', '0460782332','cleaners.union@gmail.com', '11 Bourke St, Melbourne', '8');

1 row created.

SQL> INSERT INTO TRADE_UNION VALUES('3', 'Movers'' Union', 'Jack Hammer', '0460782333','movers.union@gmail.com', '9 La Trobe St, Melbourne','9');

1 row created.

SQL> INSERT INTO TRADE_UNION VALUES('4', 'Electricians'' Union', 'John Board', '0460782334','electricians.union@gmail.com', '19 Collins St, Melbourne', '10');

1 row created.

SQL> INSERT INTO TRADE_UNION VALUES('5', 'Plumbers'' Union', 'Loren Daniels', '0460782335','plumbers.union@gmail.com', '2/34 Little Lonsdale St, Melbourne', '11');

1 row created.

SQL> INSERT INTO TRADE_UNION VALUES('6', 'Construction Workers'' Union', 'Harvey Dent', '0460782336','constructionworkers.union@gmail.com', 'Lonsdale St and Russel St, Melbourne', '12');

1 row created.

SQL> 
SQL> --INDUSTRY (IndustryID, IndustryTitle, UnionID)
SQL> INSERT INTO INDUSTRY VALUES('1', 'Cleaning', '2');

1 row created.

SQL> INSERT INTO INDUSTRY VALUES('2', 'Heavy Goods Transport', '3');

1 row created.

SQL> INSERT INTO INDUSTRY VALUES('3', 'Landscape', '1');

1 row created.

SQL> INSERT INTO INDUSTRY VALUES('4', 'Lawn and Backyard Mowing', '1');

1 row created.

SQL> INSERT INTO INDUSTRY VALUES('5', 'Plumbing', '5');

1 row created.

SQL> INSERT INTO INDUSTRY VALUES('6', 'Electrical Works', '4');

1 row created.

SQL> INSERT INTO INDUSTRY VALUES('7', 'Roof Restoration', '6');

1 row created.

SQL> INSERT INTO INDUSTRY VALUES('8', 'General Construction', '6');

1 row created.

SQL> INSERT INTO INDUSTRY VALUES('9', 'Demolition and Rubbish Removal', '6');

1 row created.

SQL> 
SQL> 
SQL> --JOB (JobID, JobDescription, UrgencyLevel, JobAddress, Postcode, IndustryID, SelectedBusinessABNNumber)
SQL> INSERT INTO JOB VALUES('1', 'I need my lawn mowed', 'Immediate', '56 Dunne St, Bundoora', 3083, '4', NULL);

1 row created.

SQL> INSERT INTO JOB VALUES('2', 'Backyard mowing job', 'Normal', '11 St Kilda Rd, Melbourne', 3000, '4', NULL);

1 row created.

SQL> INSERT INTO JOB VALUES('3', 'Need help to move to a new house', 'Immediate', '15 Lonsdale St, Melbourne', 3000, '2', NULL);

1 row created.

SQL> INSERT INTO JOB VALUES('4', 'Movers needed to change house', 'Immediate', '10 Batcave Aveneu, Epping', 3076, '2', NULL);

1 row created.

SQL> INSERT INTO JOB VALUES('5', 'Leake in the roof needs fixing', 'Immediate', '2/80 Friends Rd, Altona', 3018, '7', NULL);

1 row created.

SQL> INSERT INTO JOB VALUES('6', 'Roof needs a paint', 'Low', '33 Waratah St, Altona', 3018, '7', NULL);

1 row created.

SQL> INSERT INTO JOB VALUES('7', 'Need my house cleaned after a party', 'Normal', '3/80 Friends Rd, Altona', 3018, '1', NULL);

1 row created.

SQL> INSERT INTO JOB VALUES('8', 'Need a new landscape design', 'Normal', '41 Alexander Avenue, Thomastown', 3074, '3', NULL);

1 row created.

SQL> INSERT INTO JOB VALUES('9', 'Backyard garbage needs to be removed', 'Immediate', '2 Queens St, Melbourne', 3000, '9', NULL);

1 row created.

SQL> INSERT INTO JOB VALUES('10', 'Leak in the basin bottom', 'Immediate', '13 Swanston St, Melbourne', 3000, '5', NULL);

1 row created.

SQL> INSERT INTO JOB VALUES('11', 'Need a contractual cleaner', 'Low', '10 Southbank, Melbourne', 3000, '1', NULL);

1 row created.

SQL> INSERT INTO JOB VALUES('12', 'Contractual electrical wiring job', 'Immediate', '15 Southbank, Melbourne', 3000, '6', NULL);

1 row created.

SQL> INSERT INTO JOB VALUES('13', 'Electrician needed for 3 months period', 'Normal', '23 High St, Preston', 3072, '6', NULL);

1 row created.

SQL> INSERT INTO JOB VALUES('14', 'New office space extension', 'Low', '628 Victoria St, Epping', 3076, '8', NULL);

1 row created.

SQL> INSERT INTO JOB VALUES('15', 'Plumbing line inspection and maintenance', 'Immediate', '180 Swanston St, Melbourne', 3000, '5', NULL);

1 row created.

SQL> INSERT INTO JOB VALUES('16', 'New courtyard construction: Thomas Cherry Building', 'Normal', 'Plenty Road and Kingsburry Drive', 3083, '8', NULL);

1 row created.

SQL> INSERT INTO JOB VALUES('17', 'Structural crack repair', 'Immediate', '750 Collins St, Melbourne', 3000, '8', NULL);

1 row created.

SQL> INSERT INTO JOB VALUES('18', 'Carpark construction', 'Low', '105 Grimshaw St, Greensborough', 3088, '8', NULL);

1 row created.

SQL> INSERT INTO JOB VALUES('19', 'Commercial cleaners needed', 'Immediate', '1 Bell St, Preston', 3072, '1', NULL);

1 row created.

SQL> INSERT INTO JOB VALUES('20', 'Nightly stock-rubbish removal', 'Immediate', '71 May Rd, Lalor', 3075, '9', NULL);

1 row created.

SQL> 
SQL> 
SQL> --CONTRACT_JOB (JobID, StartDate, EndDate, CorporateClientNo)
SQL> INSERT INTO CONTRACT_JOB VALUES('11', NULL, NULL, '1');

1 row created.

SQL> INSERT INTO CONTRACT_JOB VALUES('12', TO_DATE('03-MAR-2017', 'DD-MON-YYYY'), TO_DATE('02-MAR-2018', 'DD-MON-YYYY'), '2');

1 row created.

SQL> INSERT INTO CONTRACT_JOB VALUES('13', TO_DATE('27-FEB-2017', 'DD-MON-YYYY'), TO_DATE('26-AUG-2017', 'DD-MON-YYYY'), '3');

1 row created.

SQL> INSERT INTO CONTRACT_JOB VALUES('14', TO_DATE('15-MAR-2016', 'DD-MON-YYYY'), TO_DATE('14-MAR-2017', 'DD-MON-YYYY'), '4');

1 row created.

SQL> INSERT INTO CONTRACT_JOB VALUES('15', NULL, NULL, '5');

1 row created.

SQL> INSERT INTO CONTRACT_JOB VALUES('16', TO_DATE('25-FEB-2015', 'DD-MON-YYYY'), TO_DATE('24-FEB-2017', 'DD-MON-YYYY'), '6');

1 row created.

SQL> INSERT INTO CONTRACT_JOB VALUES('17', TO_DATE('01-JAN-2017', 'DD-MON-YYYY'), TO_DATE('31-DEC-2019', 'DD-MON-YYYY'), '7');

1 row created.

SQL> INSERT INTO CONTRACT_JOB VALUES('18', TO_DATE('06-JUN-2017', 'DD-MON-YYYY'), TO_DATE('05-DEC-2017', 'DD-MON-YYYY'), '8');

1 row created.

SQL> INSERT INTO CONTRACT_JOB VALUES('19', TO_DATE('02-MAR-2017', 'DD-MON-YYYY'), TO_DATE('01-MAY-2017', 'DD-MON-YYYY'), '9');

1 row created.

SQL> INSERT INTO CONTRACT_JOB VALUES('20', NULL, NULL, '10');

1 row created.

SQL> 
SQL> --CASUAL_JOB (JobID, IndividualClientNo)
SQL> INSERT INTO CASUAL_JOB VALUES('1', '11');

1 row created.

SQL> INSERT INTO CASUAL_JOB VALUES('2', '12');

1 row created.

SQL> INSERT INTO CASUAL_JOB VALUES('3', '13');

1 row created.

SQL> INSERT INTO CASUAL_JOB VALUES('4', '14');

1 row created.

SQL> INSERT INTO CASUAL_JOB VALUES('5', '15');

1 row created.

SQL> INSERT INTO CASUAL_JOB VALUES('6', '16');

1 row created.

SQL> INSERT INTO CASUAL_JOB VALUES('7', '17');

1 row created.

SQL> INSERT INTO CASUAL_JOB VALUES('8', '18');

1 row created.

SQL> INSERT INTO CASUAL_JOB VALUES('9', '19');

1 row created.

SQL> INSERT INTO CASUAL_JOB VALUES('10', '20');

1 row created.

SQL> 
SQL> --QUOTATION (JobID, ABNNumber, QuoteAmount, QuoteStatus)
SQL> INSERT INTO QUOTATION VALUES('1', '12345678923', 100.00, 'Selected');

1 row created.

SQL> INSERT INTO QUOTATION VALUES('2', '12345678923', 80.00, 'Posted');

1 row created.

SQL> INSERT INTO QUOTATION VALUES('3', '12345678913', 300.00, 'Posted');

1 row created.

SQL> INSERT INTO QUOTATION VALUES('3', '12345678925', 280.00, 'Selected');

1 row created.

SQL> INSERT INTO QUOTATION VALUES('4', '12345678913', 250.00, 'Contacted');

1 row created.

SQL> INSERT INTO QUOTATION VALUES('7', '12345678926', 100.00, 'Selected');

1 row created.

SQL> INSERT INTO QUOTATION VALUES('8', '12345678923', 400.00, 'Selected');

1 row created.

SQL> INSERT INTO QUOTATION VALUES('9', '12345678922', 150.00, 'Posted');

1 row created.

SQL> INSERT INTO QUOTATION VALUES('10', '12345678927', 700.00, 'Selected');

1 row created.

SQL> INSERT INTO QUOTATION VALUES('11', '12345678912', 3000.00, 'Contacted');

1 row created.

SQL> INSERT INTO QUOTATION VALUES('12', '12345678916', 10000.00, 'Contacted');

1 row created.

SQL> INSERT INTO QUOTATION VALUES('12', '12345678921', 12000.00, 'Selected');

1 row created.

SQL> INSERT INTO QUOTATION VALUES('13', '12345678916', 15000.00, 'Selected');

1 row created.

SQL> INSERT INTO QUOTATION VALUES('14', '12345678919', 7000.00, 'Selected');

1 row created.

SQL> INSERT INTO QUOTATION VALUES('14', '12345678920', 7500.00, 'Contacted');

1 row created.

SQL> INSERT INTO QUOTATION VALUES('15', '12345678914', 20000.00, 'Selected');

1 row created.

SQL> INSERT INTO QUOTATION VALUES('15', '12345678915', 22500.00, 'Posted');

1 row created.

SQL> INSERT INTO QUOTATION VALUES('16', '12345678919', 12000.00, 'Contacted');

1 row created.

SQL> INSERT INTO QUOTATION VALUES('16', '12345678920', 13000.00, 'Selected');

1 row created.

SQL> INSERT INTO QUOTATION VALUES('17', '12345678919', 33000.00, 'Contacted');

1 row created.

SQL> INSERT INTO QUOTATION VALUES('17', '12345678920', 31500.00, 'Selected');

1 row created.

SQL> INSERT INTO QUOTATION VALUES('18', '12345678919', 7800.00, 'Selected');

1 row created.

SQL> INSERT INTO QUOTATION VALUES('19', '12345678912', 2800.00, 'Selected');

1 row created.

SQL> INSERT INTO QUOTATION VALUES('20', '12345678928', 4500.00, 'Contacted');

1 row created.

SQL> 
SQL> --Update statemtns for Job table to hold reference to the selected businesses for each Job
SQL> UPDATE JOB SET SelectedBusinessABNNumber = '12345678923' WHERE JobID = 1;

1 row updated.

SQL> UPDATE JOB SET SelectedBusinessABNNumber = '12345678925' WHERE JobID = 3;

1 row updated.

SQL> UPDATE JOB SET SelectedBusinessABNNumber = '12345678926' WHERE JobID = 7;

1 row updated.

SQL> UPDATE JOB SET SelectedBusinessABNNumber = '12345678923' WHERE JobID = 8;

1 row updated.

SQL> UPDATE JOB SET SelectedBusinessABNNumber = '12345678927' WHERE JobID = 10;

1 row updated.

SQL> UPDATE JOB SET SelectedBusinessABNNumber = '12345678921' WHERE JobID = 12;

1 row updated.

SQL> UPDATE JOB SET SelectedBusinessABNNumber = '12345678916' WHERE JobID = 13;

1 row updated.

SQL> UPDATE JOB SET SelectedBusinessABNNumber = '12345678919' WHERE JobID = 14;

1 row updated.

SQL> UPDATE JOB SET SelectedBusinessABNNumber = '12345678914' WHERE JobID = 15;

1 row updated.

SQL> UPDATE JOB SET SelectedBusinessABNNumber = '12345678920' WHERE JobID = 16;

1 row updated.

SQL> UPDATE JOB SET SelectedBusinessABNNumber = '12345678920' WHERE JobID = 17;

1 row updated.

SQL> UPDATE JOB SET SelectedBusinessABNNumber = '12345678919' WHERE JobID = 18;

1 row updated.

SQL> UPDATE JOB SET SelectedBusinessABNNumber = '12345678912' WHERE JobID = 19;

1 row updated.

SQL> 
SQL> --BUSINESS_INDUSTRY (ABNNumber, IndustryID)
SQL> INSERT INTO BUSINESS_INDUSTRY VALUES('12345678911', '4');

1 row created.

SQL> INSERT INTO BUSINESS_INDUSTRY VALUES('12345678912', '1');

1 row created.

SQL> INSERT INTO BUSINESS_INDUSTRY VALUES('12345678913', '2');

1 row created.

SQL> INSERT INTO BUSINESS_INDUSTRY VALUES('12345678914', '5');

1 row created.

SQL> INSERT INTO BUSINESS_INDUSTRY VALUES('12345678915', '5');

1 row created.

SQL> INSERT INTO BUSINESS_INDUSTRY VALUES('12345678916', '6');

1 row created.

SQL> INSERT INTO BUSINESS_INDUSTRY VALUES('12345678917', '6');

1 row created.

SQL> INSERT INTO BUSINESS_INDUSTRY VALUES('12345678918', '7');

1 row created.

SQL> INSERT INTO BUSINESS_INDUSTRY VALUES('12345678919', '8');

1 row created.

SQL> INSERT INTO BUSINESS_INDUSTRY VALUES('12345678920', '8');

1 row created.

SQL> INSERT INTO BUSINESS_INDUSTRY VALUES('12345678921', '6');

1 row created.

SQL> INSERT INTO BUSINESS_INDUSTRY VALUES('12345678922', '9');

1 row created.

SQL> INSERT INTO BUSINESS_INDUSTRY VALUES('12345678923', '4');

1 row created.

SQL> INSERT INTO BUSINESS_INDUSTRY VALUES('12345678924', '1');

1 row created.

SQL> INSERT INTO BUSINESS_INDUSTRY VALUES('12345678925', '2');

1 row created.

SQL> INSERT INTO BUSINESS_INDUSTRY VALUES('12345678926', '1');

1 row created.

SQL> INSERT INTO BUSINESS_INDUSTRY VALUES('12345678927', '5');

1 row created.

SQL> INSERT INTO BUSINESS_INDUSTRY VALUES('12345678928', '9');

1 row created.

SQL> INSERT INTO BUSINESS_INDUSTRY VALUES('12345678929', '1');

1 row created.

SQL> 
SQL> ----INVOICE (InvoiceNo, Amount, JobID)
SQL> INSERT INTO INVOICE VALUES('1', 100, '1');

1 row created.

SQL> INSERT INTO INVOICE VALUES('2', 280, '3');

1 row created.

SQL> INSERT INTO INVOICE VALUES('3', 100, '7');

1 row created.

SQL> INSERT INTO INVOICE VALUES('4', 400, '8');

1 row created.

SQL> INSERT INTO INVOICE VALUES('5', 700, '10');

1 row created.

SQL> INSERT INTO INVOICE VALUES('6', 1000, '12');

1 row created.

SQL> INSERT INTO INVOICE VALUES('7', 2000, '12');

1 row created.

SQL> INSERT INTO INVOICE VALUES('8', 5000, '13');

1 row created.

SQL> INSERT INTO INVOICE VALUES('9', 1500, '14');

1 row created.

SQL> INSERT INTO INVOICE VALUES('10', 2000, '15');

1 row created.

SQL> INSERT INTO INVOICE VALUES('11', 3000, '15');

1 row created.

SQL> INSERT INTO INVOICE VALUES('12', 1000, '16');

1 row created.

SQL> INSERT INTO INVOICE VALUES('13', 3000, '16');

1 row created.

SQL> INSERT INTO INVOICE VALUES('14', 4800, '17');

1 row created.

SQL> INSERT INTO INVOICE VALUES('15', 800, '19');

1 row created.

SQL> 
SQL> ---REVIEWTable (ReviewID, ReviewDate, ReviewRating, ReviewText, JobID)
SQL> INSERT INTO REVIEW VALUES('1', TO_DATE('01-JAN-2017', 'DD-MON-YYYY'), 4, 'Job well done. My lawn looks clean and the rubbish was taken away.', '1');

1 row created.

SQL> INSERT INTO REVIEW VALUES('2', TO_DATE('15-JAN-2017', 'DD-MON-YYYY'), 3, 'Happy with the service, could be better as I found a scratch at the back of my fridge after the move. ', '3');

1 row created.

SQL> INSERT INTO REVIEW VALUES('3', TO_DATE('20-JAN-2017', 'DD-MON-YYYY'), 5, 'Nicely done! Very professional', '7');

1 row created.

SQL> INSERT INTO REVIEW VALUES('4', TO_DATE('21-FEB-2017', 'DD-MON-YYYY'), 2, 'Poorly done job, the newly designed landscape was very disorganized', '8');

1 row created.

SQL> INSERT INTO REVIEW VALUES('5', TO_DATE('03-MAR-2017', 'DD-MON-YYYY'), 4, 'Quick and efficient plumbing', '10');

1 row created.

SQL> 
SQL> 
SQL> --SEMINAR (SeminarID, SeminarTitle, SeminarDataTime, SeminarVenue)
SQL> INSERT INTO SEMINAR VALUES('1', 'Career Development for Construction Workers.', TO_DATE('12-FEB-2017 10:00', 'DD-MON-YYYY HH24:MI'), 'Convention Hall, Bundoora, 3083');

1 row created.

SQL> INSERT INTO SEMINAR VALUES('2', 'Ray White Career Seminar for Construction Workers', TO_DATE('28-FEB-2017 11:00', 'DD-MON-YYYY HH24:MI'), 'Convention Hall, Bundoora, 3083');

1 row created.

SQL> INSERT INTO SEMINAR VALUES('3', 'Career Fair for Plumbing Workers', TO_DATE('05-MAR-2017 14:00', 'DD-MON-YYYY HH24:MI'), 'Local Counsil Office, Epping, 3076');

1 row created.

SQL> INSERT INTO SEMINAR VALUES('4', 'Cleaners Counsil Seminar', TO_DATE('15-MAR-2017 13:00', 'DD-MON-YYYY HH24:MI'), 'CLT, Melbourne Polytechnic, Preston, 3072');

1 row created.

SQL> 
SQL> --SEMINAR_ATTENDIES (EliteMemberID, SeminarID)
SQL> INSERT INTO SEMINAR_ATTENDIES VALUES('12','1');

1 row created.

SQL> INSERT INTO SEMINAR_ATTENDIES VALUES('12','2');

1 row created.

SQL> INSERT INTO SEMINAR_ATTENDIES VALUES('11','3');

1 row created.

SQL> INSERT INTO SEMINAR_ATTENDIES VALUES('6','3');

1 row created.

SQL> INSERT INTO SEMINAR_ATTENDIES VALUES('5','4');

1 row created.

SQL> INSERT INTO SEMINAR_ATTENDIES VALUES('13','4');

1 row created.

SQL> INSERT INTO SEMINAR_ATTENDIES VALUES('8','4');

1 row created.

SQL> 
SQL> --EQUIPMENT (EquipmentID, EquipmentName, EquipmentStatus, EFlag, MFlag, InspectionDate, MaxRentDurationDays)
SQL> INSERT INTO EQUIPMENT VALUES('1', 'Lawn Mower S300', 'Available', 'Y', 'N', TO_DATE('31-DEC-2017', 'DD-MON-YYYY'), 5);

1 row created.

SQL> INSERT INTO EQUIPMENT VALUES('2', 'Lawn Mower S300', 'Available', 'Y', 'N', TO_DATE('31-DEC-2017', 'DD-MON-YYYY'), 5);

1 row created.

SQL> INSERT INTO EQUIPMENT VALUES('3', 'Lawn Mower S300', 'Available', 'Y', 'N', TO_DATE('31-DEC-2017', 'DD-MON-YYYY'), 5);

1 row created.

SQL> INSERT INTO EQUIPMENT VALUES('4', 'Lawn Mower S300', 'Available', 'Y', 'N', TO_DATE('31-DEC-2017', 'DD-MON-YYYY'), 5);

1 row created.

SQL> INSERT INTO EQUIPMENT VALUES('5', 'Lawn Mower S300', 'Overdue', 'Y', 'N', TO_DATE('31-DEC-2017', 'DD-MON-YYYY'), 5);

1 row created.

SQL> INSERT INTO EQUIPMENT VALUES('6', 'Lawn Mower S300 Dual-Power', 'Available', 'Y', 'Y', TO_DATE('31-DEC-2017', 'DD-MON-YYYY'), 5);

1 row created.

SQL> INSERT INTO EQUIPMENT VALUES('7', 'Lawn Mower S300 Dual-Power', 'Available', 'Y', 'Y', TO_DATE('31-DEC-2017', 'DD-MON-YYYY'), 5);

1 row created.

SQL> INSERT INTO EQUIPMENT VALUES('8', 'Carpet Steam Cleaner-C100', 'Available', 'N', 'Y', NULL, 10);

1 row created.

SQL> INSERT INTO EQUIPMENT VALUES('9', 'Carpet Steam Cleaner-C200', 'Available', 'N', 'Y', NULL, 10);

1 row created.

SQL> INSERT INTO EQUIPMENT VALUES('10', 'Carpet Steam Cleaner-C300', 'Available', 'N', 'Y', NULL, 10);

1 row created.

SQL> INSERT INTO EQUIPMENT VALUES('11', 'Miele Hardwood Vacuum Cleaner M150', 'Available', 'Y', 'N', TO_DATE('30-JUN-2017', 'DD-MON-YYYY'), 14);

1 row created.

SQL> INSERT INTO EQUIPMENT VALUES('12', 'Miele Carpet Vacuum Cleaner M150', 'Available', 'Y', 'N', TO_DATE('30-JUN-2017', 'DD-MON-YYYY'), 14);

1 row created.

SQL> INSERT INTO EQUIPMENT VALUES('13', 'Razor HandHeld Vacuum Cleaner R300', 'Rented', 'Y', 'N', TO_DATE('31-AUG-2017', 'DD-MON-YYYY'), 90);

1 row created.

SQL> INSERT INTO EQUIPMENT VALUES('14', 'Razor HandHeld Vacuum Cleaner R200', 'Available', 'Y', 'N', TO_DATE('31-AUG-2017', 'DD-MON-YYYY'), 14);

1 row created.

SQL> INSERT INTO EQUIPMENT VALUES('15', 'Razor HandHeld Vacuum Cleaner R100', 'Available', 'Y', 'N', TO_DATE('31-AUG-2017', 'DD-MON-YYYY'), 14);

1 row created.

SQL> 
SQL> 
SQL> --EQUIPMENT_HIRE (ClientNo, EquipmentID, PickUpDate, DropOffDate)(Data is populated on 28th February, 2017)
SQL> INSERT INTO EQUIPMENT_HIRE VALUES('2', '1', TO_DATE('01-FEB-2016', 'DD-MON-YYYY'), TO_DATE('02-FEB-2016', 'DD-MON-YYYY'));

1 row created.

SQL> INSERT INTO EQUIPMENT_HIRE VALUES('1', '2', TO_DATE('27-FEB-2017', 'DD-MON-YYYY'), TO_DATE('28-FEB-2017', 'DD-MON-YYYY'));

1 row created.

SQL> INSERT INTO EQUIPMENT_HIRE VALUES('4', '3', TO_DATE('25-FEB-2017', 'DD-MON-YYYY'), TO_DATE('28-FEB-2017', 'DD-MON-YYYY'));

1 row created.

SQL> INSERT INTO EQUIPMENT_HIRE VALUES('5', '4', TO_DATE('25-DEC-2016', 'DD-MON-YYYY'), TO_DATE('27-DEC-2016', 'DD-MON-YYYY'));

1 row created.

SQL> INSERT INTO EQUIPMENT_HIRE VALUES('5', '5', TO_DATE('01-FEB-2017', 'DD-MON-YYYY'), NULL);

1 row created.

SQL> INSERT INTO EQUIPMENT_HIRE VALUES('6', '6', TO_DATE('28-FEB-2017', 'DD-MON-YYYY'), TO_DATE('02-MAR-2017', 'DD-MON-YYYY'));

1 row created.

SQL> INSERT INTO EQUIPMENT_HIRE VALUES('10', '7', TO_DATE('25-JAN-2017', 'DD-MON-YYYY'), TO_DATE('30-JAN-2017', 'DD-MON-YYYY'));

1 row created.

SQL> INSERT INTO EQUIPMENT_HIRE VALUES('11', '8', TO_DATE('27-JAN-2017', 'DD-MON-YYYY'), TO_DATE('28-JAN-2017', 'DD-MON-YYYY'));

1 row created.

SQL> INSERT INTO EQUIPMENT_HIRE VALUES('2', '9', TO_DATE('20-FEB-2017', 'DD-MON-YYYY'), TO_DATE('23-FEB-2017', 'DD-MON-YYYY'));

1 row created.

SQL> INSERT INTO EQUIPMENT_HIRE VALUES('12', '10', TO_DATE('21-FEB-2017', 'DD-MON-YYYY'), TO_DATE('24-FEB-2017', 'DD-MON-YYYY'));

1 row created.

SQL> INSERT INTO EQUIPMENT_HIRE VALUES('13', '12', TO_DATE('10-MAR-2017', 'DD-MON-YYYY'), TO_DATE('13-MAR-2017', 'DD-MON-YYYY'));

1 row created.

SQL> INSERT INTO EQUIPMENT_HIRE VALUES('15', '13', TO_DATE('13-APR-2017', 'DD-MON-YYYY'), NULL);

1 row created.

SQL> INSERT INTO EQUIPMENT_HIRE VALUES('1', '1', TO_DATE('01-MAR-2017', 'DD-MON-YYYY'), TO_DATE('02-MAR-2017', 'DD-MON-YYYY'));

1 row created.

SQL> INSERT INTO EQUIPMENT_HIRE VALUES('4', '1', TO_DATE('15-MAR-2017', 'DD-MON-YYYY'), TO_DATE('17-MAR-2017', 'DD-MON-YYYY'));

1 row created.

SQL> INSERT INTO EQUIPMENT_HIRE VALUES('2', '3', TO_DATE('12-APR-2017', 'DD-MON-YYYY'), TO_DATE('15-APR-2017', 'DD-MON-YYYY'));

1 row created.

SQL> SPOOL "C:\Users\18477719\OneDrive - LA TROBE UNIVERSITY\Work\DBF\TASK1.TXT"

